eq.true.left {"exBudgetCPU":516433,"exBudgetMemory":3001,"scriptSizeBytes":48}
eq.true.right {"exBudgetCPU":516433,"exBudgetMemory":3001,"scriptSizeBytes":48}
eq.false.left-right {"exBudgetCPU":400100,"exBudgetMemory":2600,"scriptSizeBytes":48}
eq.false.left-left {"exBudgetCPU":516433,"exBudgetMemory":3001,"scriptSizeBytes":48}
eq.false.right-right {"exBudgetCPU":516433,"exBudgetMemory":3001,"scriptSizeBytes":48}
