lam {"exBudgetCPU":144100,"exBudgetMemory":1000,"scriptSizeBytes":39}
app {"exBudgetCPU":1423074,"exBudgetMemory":4322,"scriptSizeBytes":82}
