eq.true.nothing {"exBudgetCPU":368100,"exBudgetMemory":2400,"scriptSizeBytes":34}
eq.true.just {"exBudgetCPU":612433,"exBudgetMemory":3601,"scriptSizeBytes":43}
eq.false.nothing-just {"exBudgetCPU":432100,"exBudgetMemory":2800,"scriptSizeBytes":38}
eq.false.just-just {"exBudgetCPU":612433,"exBudgetMemory":3601,"scriptSizeBytes":43}
