normal {"exBudgetCPU":9367164,"exBudgetMemory":40192,"scriptSizeBytes":72}
do {"exBudgetCPU":9479164,"exBudgetMemory":40892,"scriptSizeBytes":136}
cont {"exBudgetCPU":9367164,"exBudgetMemory":40192,"scriptSizeBytes":72}
termcont {"exBudgetCPU":9479164,"exBudgetMemory":40892,"scriptSizeBytes":126}
