cont.succeeds {"exBudgetCPU":6304550,"exBudgetMemory":16241,"scriptSizeBytes":342}
cont.fails {"exBudgetCPU":10506362,"exBudgetMemory":21101,"scriptSizeBytes":338}
termcont.succeeds {"exBudgetCPU":6304550,"exBudgetMemory":16241,"scriptSizeBytes":342}
termcont.fails {"exBudgetCPU":10506362,"exBudgetMemory":21101,"scriptSizeBytes":338}