singleton {"exBudgetCPU":1217827,"exBudgetMemory":6256,"scriptSizeBytes":68}
singletonData {"exBudgetCPU":2535718,"exBudgetMemory":7490,"scriptSizeBytes":80}
valueOf.itself {"exBudgetCPU":592100,"exBudgetMemory":3800,"scriptSizeBytes":115}
valueOf.applied {"exBudgetCPU":7356385,"exBudgetMemory":23308,"scriptSizeBytes":183}
valueOf.growing.1 {"exBudgetCPU":4832298,"exBudgetMemory":18450,"scriptSizeBytes":193}
valueOf.growing.2 {"exBudgetCPU":14629494,"exBudgetMemory":48676,"scriptSizeBytes":526}
valueOf.growing.3 {"exBudgetCPU":22392610,"exBudgetMemory":72418,"scriptSizeBytes":562}
valueOf.growing.4 {"exBudgetCPU":33449827,"exBudgetMemory":103784,"scriptSizeBytes":581}
valueOf.growing.5 {"exBudgetCPU":48137145,"exBudgetMemory":144874,"scriptSizeBytes":599}
valueOf.growing.6 {"exBudgetCPU":66454564,"exBudgetMemory":195688,"scriptSizeBytes":617}
valueOf.growing.7 {"exBudgetCPU":88402084,"exBudgetMemory":256226,"scriptSizeBytes":636}
valueOf.growing.8 {"exBudgetCPU":113979705,"exBudgetMemory":326488,"scriptSizeBytes":654}
valueOf.growing.9 {"exBudgetCPU":145732235,"exBudgetMemory":411632,"scriptSizeBytes":672}
valueOf.growing.10 {"exBudgetCPU":176411764,"exBudgetMemory":497412,"scriptSizeBytes":690}
valueOf.growing.11 {"exBudgetCPU":210721394,"exBudgetMemory":592916,"scriptSizeBytes":708}
valueOf.growing.12 {"exBudgetCPU":248661125,"exBudgetMemory":698144,"scriptSizeBytes":727}
valueOf.growing.13 {"exBudgetCPU":290230957,"exBudgetMemory":813096,"scriptSizeBytes":745}
valueOf.growing.14 {"exBudgetCPU":335430890,"exBudgetMemory":937772,"scriptSizeBytes":763}
valueOf.growing.15 {"exBudgetCPU":384260924,"exBudgetMemory":1072172,"scriptSizeBytes":782}
valueOf.growing.16 {"exBudgetCPU":436721059,"exBudgetMemory":1216296,"scriptSizeBytes":800}
valueOf.growing.17 {"exBudgetCPU":492811295,"exBudgetMemory":1370144,"scriptSizeBytes":819}
leftBiasedCurrencyUnion.growing.1 {"exBudgetCPU":6966649,"exBudgetMemory":26968,"scriptSizeBytes":329}
leftBiasedCurrencyUnion.growing.2 {"exBudgetCPU":16747845,"exBudgetMemory":57094,"scriptSizeBytes":668}
leftBiasedCurrencyUnion.growing.3 {"exBudgetCPU":26206768,"exBudgetMemory":88030,"scriptSizeBytes":706}
leftBiasedCurrencyUnion.growing.4 {"exBudgetCPU":38911792,"exBudgetMemory":126290,"scriptSizeBytes":724}
leftBiasedCurrencyUnion.growing.5 {"exBudgetCPU":55246917,"exBudgetMemory":174274,"scriptSizeBytes":743}
leftBiasedCurrencyUnion.growing.6 {"exBudgetCPU":75212143,"exBudgetMemory":231982,"scriptSizeBytes":761}
leftBiasedCurrencyUnion.growing.7 {"exBudgetCPU":98807470,"exBudgetMemory":299414,"scriptSizeBytes":780}
leftBiasedCurrencyUnion.growing.8 {"exBudgetCPU":126032898,"exBudgetMemory":376570,"scriptSizeBytes":798}
leftBiasedCurrencyUnion.growing.9 {"exBudgetCPU":156648684,"exBudgetMemory":462316,"scriptSizeBytes":813}
leftBiasedCurrencyUnion.growing.10 {"exBudgetCPU":188418382,"exBudgetMemory":552724,"scriptSizeBytes":832}
leftBiasedCurrencyUnion.growing.11 {"exBudgetCPU":222728012,"exBudgetMemory":648228,"scriptSizeBytes":850}
leftBiasedCurrencyUnion.growing.12 {"exBudgetCPU":260667743,"exBudgetMemory":753456,"scriptSizeBytes":868}
leftBiasedCurrencyUnion.growing.13 {"exBudgetCPU":302237575,"exBudgetMemory":868408,"scriptSizeBytes":887}
leftBiasedCurrencyUnion.growing.14 {"exBudgetCPU":347437508,"exBudgetMemory":993084,"scriptSizeBytes":905}
leftBiasedCurrencyUnion.growing.15 {"exBudgetCPU":396267542,"exBudgetMemory":1127484,"scriptSizeBytes":924}
leftBiasedCurrencyUnion.growing.16 {"exBudgetCPU":448727677,"exBudgetMemory":1271608,"scriptSizeBytes":942}
leftBiasedCurrencyUnion.growing.17 {"exBudgetCPU":504817913,"exBudgetMemory":1425456,"scriptSizeBytes":960}
leftBiasedTokenUnion.growing.1 {"exBudgetCPU":7238649,"exBudgetMemory":28668,"scriptSizeBytes":582}
leftBiasedTokenUnion.growing.2 {"exBudgetCPU":16891845,"exBudgetMemory":57994,"scriptSizeBytes":914}
leftBiasedTokenUnion.growing.3 {"exBudgetCPU":26350768,"exBudgetMemory":88930,"scriptSizeBytes":953}
leftBiasedTokenUnion.growing.4 {"exBudgetCPU":39055792,"exBudgetMemory":127190,"scriptSizeBytes":971}
leftBiasedTokenUnion.growing.5 {"exBudgetCPU":55390917,"exBudgetMemory":175174,"scriptSizeBytes":989}
leftBiasedTokenUnion.growing.6 {"exBudgetCPU":75356143,"exBudgetMemory":232882,"scriptSizeBytes":1008}
leftBiasedTokenUnion.growing.7 {"exBudgetCPU":98951470,"exBudgetMemory":300314,"scriptSizeBytes":1026}
leftBiasedTokenUnion.growing.8 {"exBudgetCPU":126176898,"exBudgetMemory":377470,"scriptSizeBytes":1044}
leftBiasedTokenUnion.growing.9 {"exBudgetCPU":162980995,"exBudgetMemory":482656,"scriptSizeBytes":1060}
leftBiasedTokenUnion.growing.10 {"exBudgetCPU":194750693,"exBudgetMemory":573064,"scriptSizeBytes":1078}
leftBiasedTokenUnion.growing.11 {"exBudgetCPU":229060323,"exBudgetMemory":668568,"scriptSizeBytes":1097}
leftBiasedTokenUnion.growing.12 {"exBudgetCPU":267000054,"exBudgetMemory":773796,"scriptSizeBytes":1115}
leftBiasedTokenUnion.growing.13 {"exBudgetCPU":308569886,"exBudgetMemory":888748,"scriptSizeBytes":1133}
leftBiasedTokenUnion.growing.14 {"exBudgetCPU":353769819,"exBudgetMemory":1013424,"scriptSizeBytes":1152}
leftBiasedTokenUnion.growing.15 {"exBudgetCPU":402599853,"exBudgetMemory":1147824,"scriptSizeBytes":1170}
leftBiasedTokenUnion.growing.16 {"exBudgetCPU":455059988,"exBudgetMemory":1291948,"scriptSizeBytes":1188}
leftBiasedTokenUnion.growing.17 {"exBudgetCPU":511150224,"exBudgetMemory":1445796,"scriptSizeBytes":1207}
unionResolvingCollisionsWith.const {"exBudgetCPU":12306876,"exBudgetMemory":42740,"scriptSizeBytes":619}
unionResolvingCollisionsWith.(+).itself {"exBudgetCPU":560100,"exBudgetMemory":3600,"scriptSizeBytes":358}
unionResolvingCollisionsWith.(+).applied {"exBudgetCPU":11976084,"exBudgetMemory":40042,"scriptSizeBytes":439}
unionResolvingCollisionsWith.tokens {"exBudgetCPU":11724401,"exBudgetMemory":39846,"scriptSizeBytes":449}
unionResolvingCollisionsWith.symbols {"exBudgetCPU":7062649,"exBudgetMemory":27568,"scriptSizeBytes":441}
unionResolvingCollisionsWith.growing.1 {"exBudgetCPU":7286649,"exBudgetMemory":28968,"scriptSizeBytes":621}
unionResolvingCollisionsWith.growing.2 {"exBudgetCPU":16939845,"exBudgetMemory":58294,"scriptSizeBytes":953}
unionResolvingCollisionsWith.growing.3 {"exBudgetCPU":26398768,"exBudgetMemory":89230,"scriptSizeBytes":991}
unionResolvingCollisionsWith.growing.4 {"exBudgetCPU":39103792,"exBudgetMemory":127490,"scriptSizeBytes":1009}
unionResolvingCollisionsWith.growing.5 {"exBudgetCPU":55438917,"exBudgetMemory":175474,"scriptSizeBytes":1028}
unionResolvingCollisionsWith.growing.6 {"exBudgetCPU":75404143,"exBudgetMemory":233182,"scriptSizeBytes":1046}
unionResolvingCollisionsWith.growing.7 {"exBudgetCPU":98999470,"exBudgetMemory":300614,"scriptSizeBytes":1065}
unionResolvingCollisionsWith.growing.8 {"exBudgetCPU":126224898,"exBudgetMemory":377770,"scriptSizeBytes":1083}
unionResolvingCollisionsWith.growing.9 {"exBudgetCPU":163028995,"exBudgetMemory":482956,"scriptSizeBytes":1098}
unionResolvingCollisionsWith.growing.10 {"exBudgetCPU":194798693,"exBudgetMemory":573364,"scriptSizeBytes":1117}
unionResolvingCollisionsWith.growing.11 {"exBudgetCPU":229108323,"exBudgetMemory":668868,"scriptSizeBytes":1135}
unionResolvingCollisionsWith.growing.12 {"exBudgetCPU":267048054,"exBudgetMemory":774096,"scriptSizeBytes":1153}
unionResolvingCollisionsWith.growing.13 {"exBudgetCPU":308617886,"exBudgetMemory":889048,"scriptSizeBytes":1172}
unionResolvingCollisionsWith.growing.14 {"exBudgetCPU":353817819,"exBudgetMemory":1013724,"scriptSizeBytes":1190}
unionResolvingCollisionsWith.growing.15 {"exBudgetCPU":402647853,"exBudgetMemory":1148124,"scriptSizeBytes":1209}
unionResolvingCollisionsWith.growing.16 {"exBudgetCPU":455107988,"exBudgetMemory":1292248,"scriptSizeBytes":1227}
unionResolvingCollisionsWith.growing.17 {"exBudgetCPU":511198224,"exBudgetMemory":1446096,"scriptSizeBytes":1245}
unionResolvingCollisionsWithData const.itself {"exBudgetCPU":560100,"exBudgetMemory":3600,"scriptSizeBytes":523}
unionResolvingCollisionsWithData const.applied {"exBudgetCPU":12154089,"exBudgetMemory":42044,"scriptSizeBytes":608}
inv {"exBudgetCPU":6251439,"exBudgetMemory":25962,"scriptSizeBytes":175}
equality.itself {"exBudgetCPU":16100,"exBudgetMemory":200,"scriptSizeBytes":15}
equality.triviallyTrue {"exBudgetCPU":4364890,"exBudgetMemory":13977,"scriptSizeBytes":100}
equality.triviallyFalse {"exBudgetCPU":4316890,"exBudgetMemory":13677,"scriptSizeBytes":109}
equality.swappedTokensTrue {"exBudgetCPU":25236082,"exBudgetMemory":79293,"scriptSizeBytes":507}
equality.swappedSymbolsTrue {"exBudgetCPU":16370139,"exBudgetMemory":54265,"scriptSizeBytes":498}
equality.growing.1 {"exBudgetCPU":4364890,"exBudgetMemory":13977,"scriptSizeBytes":100}
equality.growing.2 {"exBudgetCPU":24904072,"exBudgetMemory":78629,"scriptSizeBytes":502}
equality.growing.3 {"exBudgetCPU":36008017,"exBudgetMemory":114353,"scriptSizeBytes":538}
equality.growing.4 {"exBudgetCPU":54372164,"exBudgetMemory":169525,"scriptSizeBytes":573}
equality.growing.5 {"exBudgetCPU":79996513,"exBudgetMemory":244145,"scriptSizeBytes":608}
equality.growing.6 {"exBudgetCPU":112881064,"exBudgetMemory":338213,"scriptSizeBytes":643}
equality.growing.7 {"exBudgetCPU":153025817,"exBudgetMemory":451729,"scriptSizeBytes":679}
equality.growing.8 {"exBudgetCPU":200430772,"exBudgetMemory":584693,"scriptSizeBytes":714}
equality.growing.9 {"exBudgetCPU":255095929,"exBudgetMemory":737105,"scriptSizeBytes":749}
equality.growing.10 {"exBudgetCPU":317021288,"exBudgetMemory":908965,"scriptSizeBytes":784}
equality.growing.11 {"exBudgetCPU":386206849,"exBudgetMemory":1100273,"scriptSizeBytes":820}
equality.growing.12 {"exBudgetCPU":462652612,"exBudgetMemory":1311029,"scriptSizeBytes":855}
equality.growing.13 {"exBudgetCPU":546358577,"exBudgetMemory":1541233,"scriptSizeBytes":890}
equality.growing.14 {"exBudgetCPU":637324744,"exBudgetMemory":1790885,"scriptSizeBytes":925}
equality.growing.15 {"exBudgetCPU":735551113,"exBudgetMemory":2059985,"scriptSizeBytes":961}
equality.growing.16 {"exBudgetCPU":841037684,"exBudgetMemory":2348533,"scriptSizeBytes":996}
equality.growing.17 {"exBudgetCPU":953784457,"exBudgetMemory":2656529,"scriptSizeBytes":1031}
normalize.identity {"exBudgetCPU":27114860,"exBudgetMemory":99693,"scriptSizeBytes":670}
normalize.empty {"exBudgetCPU":17686666,"exBudgetMemory":60861,"scriptSizeBytes":728}
assertSorted.succeeds {"exBudgetCPU":22189063,"exBudgetMemory":88618,"scriptSizeBytes":625}
assertSorted.fails on malsorted symbols {"exBudgetCPU":16101972,"exBudgetMemory":62290,"scriptSizeBytes":340}
assertSorted.fails on zero quantities {"exBudgetCPU":17353070,"exBudgetMemory":62160,"scriptSizeBytes":800}
assertSorted.fails on empty token map {"exBudgetCPU":1041268,"exBudgetMemory":455,"scriptSizeBytes":262}
Ada.adaSymbol {"exBudgetCPU":16100,"exBudgetMemory":200,"scriptSizeBytes":8}
Ada.adaToken {"exBudgetCPU":16100,"exBudgetMemory":200,"scriptSizeBytes":8}
Ada.lovelaceValueOf {"exBudgetCPU":160100,"exBudgetMemory":1100,"scriptSizeBytes":53}
Ada.isAdaOnlyValue.itself {"exBudgetCPU":16100,"exBudgetMemory":200,"scriptSizeBytes":45}
Ada.isAdaOnlyValue.true on empty {"exBudgetCPU":357094,"exBudgetMemory":1532,"scriptSizeBytes":50}
Ada.isAdaOnlyValue.trivially false {"exBudgetCPU":3573737,"exBudgetMemory":10950,"scriptSizeBytes":107}
Ada.isAdaOnlyValue.less trivially false {"exBudgetCPU":9556584,"exBudgetMemory":32226,"scriptSizeBytes":476}
Ada.adaOnlyValue.itself {"exBudgetCPU":128100,"exBudgetMemory":900,"scriptSizeBytes":52}
Ada.adaOnlyValue.on empty {"exBudgetCPU":421094,"exBudgetMemory":1932,"scriptSizeBytes":51}
Ada.adaOnlyValue.on non-Ada {"exBudgetCPU":3573153,"exBudgetMemory":10950,"scriptSizeBytes":109}
Ada.adaOnlyValue.on Ada {"exBudgetCPU":3525153,"exBudgetMemory":10650,"scriptSizeBytes":95}
Ada.noAdaValue.itself {"exBudgetCPU":16100,"exBudgetMemory":200,"scriptSizeBytes":37}
Ada.noAdaValue.on empty {"exBudgetCPU":357094,"exBudgetMemory":1532,"scriptSizeBytes":43}
Ada.noAdaValue.on non-Ada {"exBudgetCPU":3355304,"exBudgetMemory":10018,"scriptSizeBytes":100}
Ada.noAdaValue.on Ada {"exBudgetCPU":3307304,"exBudgetMemory":9718,"scriptSizeBytes":87}