lookup.itself {"exBudgetCPU":80100,"exBudgetMemory":600,"scriptSizeBytes":85}
lookup.hit {"exBudgetCPU":3372190,"exBudgetMemory":10054,"scriptSizeBytes":119}
lookup.miss {"exBudgetCPU":3564961,"exBudgetMemory":11422,"scriptSizeBytes":128}
lookupData.hit {"exBudgetCPU":3319446,"exBudgetMemory":9822,"scriptSizeBytes":117}
lookupData.miss {"exBudgetCPU":3516961,"exBudgetMemory":11122,"scriptSizeBytes":124}
findWithDefault.itself {"exBudgetCPU":80100,"exBudgetMemory":600,"scriptSizeBytes":78}
findWithDefault.hit {"exBudgetCPU":3420190,"exBudgetMemory":10354,"scriptSizeBytes":117}
findWithDefault.hit2 {"exBudgetCPU":10875969,"exBudgetMemory":33068,"scriptSizeBytes":406}
findWithDefault.miss {"exBudgetCPU":3660961,"exBudgetMemory":12022,"scriptSizeBytes":125}
singleton {"exBudgetCPU":526490,"exBudgetMemory":2828,"scriptSizeBytes":39}
singletonData {"exBudgetCPU":430490,"exBudgetMemory":2228,"scriptSizeBytes":34}
insert.empty {"exBudgetCPU":1491484,"exBudgetMemory":8060,"scriptSizeBytes":157}
insert.replace {"exBudgetCPU":3067431,"exBudgetMemory":14120,"scriptSizeBytes":179}
delete.empty {"exBudgetCPU":1093094,"exBudgetMemory":6132,"scriptSizeBytes":140}
delete.only {"exBudgetCPU":2717041,"exBudgetMemory":12492,"scriptSizeBytes":163}
delete.miss {"exBudgetCPU":3251962,"exBudgetMemory":14786,"scriptSizeBytes":169}
delete.new {"exBudgetCPU":7249381,"exBudgetMemory":30904,"scriptSizeBytes":205}
delete.old {"exBudgetCPU":5648903,"exBudgetMemory":25178,"scriptSizeBytes":204}
difference.emptyLeft {"exBudgetCPU":1283484,"exBudgetMemory":6760,"scriptSizeBytes":265}
difference.emptyRight {"exBudgetCPU":2469653,"exBudgetMemory":11988,"scriptSizeBytes":268}
difference.emptyResult {"exBudgetCPU":5399870,"exBudgetMemory":19746,"scriptSizeBytes":281}
difference.partialOverlap {"exBudgetCPU":16023683,"exBudgetMemory":60306,"scriptSizeBytes":390}
zipMapsWith.(-) {"exBudgetCPU":19128062,"exBudgetMemory":70720,"scriptSizeBytes":627}
leftBiasedUnion.const {"exBudgetCPU":16160045,"exBudgetMemory":60738,"scriptSizeBytes":407}
unionResolvingCollisionsWith.const {"exBudgetCPU":16960362,"exBudgetMemory":63730,"scriptSizeBytes":449}
unionResolvingCollisionsWith.flip const {"exBudgetCPU":16960362,"exBudgetMemory":63730,"scriptSizeBytes":449}
unionResolvingCollisionsWith.double {"exBudgetCPU":6181757,"exBudgetMemory":21572,"scriptSizeBytes":247}
unionResolvingCollisionsWith.(+) {"exBudgetCPU":6181757,"exBudgetMemory":21572,"scriptSizeBytes":247}
unionResolvingCollisionsWith.preservesCombineCommutativity {"exBudgetCPU":6181757,"exBudgetMemory":21572,"scriptSizeBytes":247}
unionResolvingCollisionsWithData.const {"exBudgetCPU":6183762,"exBudgetMemory":22474,"scriptSizeBytes":328}
unionResolvingCollisionsWithData.emptyLeft {"exBudgetCPU":1459484,"exBudgetMemory":7860,"scriptSizeBytes":316}
unionResolvingCollisionsWithData.emptyRight {"exBudgetCPU":2597653,"exBudgetMemory":12788,"scriptSizeBytes":315}
unionResolvingCollisionsWithData.distinctKeys {"exBudgetCPU":5903975,"exBudgetMemory":22112,"scriptSizeBytes":334}
intersectionWith.const {"exBudgetCPU":16303856,"exBudgetMemory":61334,"scriptSizeBytes":431}
intersectionWith.flip const {"exBudgetCPU":16303856,"exBudgetMemory":61334,"scriptSizeBytes":431}
intersectionWith.double {"exBudgetCPU":6181757,"exBudgetMemory":21572,"scriptSizeBytes":233}
intersectionWith.(+) {"exBudgetCPU":6181757,"exBudgetMemory":21572,"scriptSizeBytes":233}
intersectionWith.preservesCombineCommutativity {"exBudgetCPU":6181757,"exBudgetMemory":21572,"scriptSizeBytes":233}
intersectionWith.partialKeyMismatch {"exBudgetCPU":11761049,"exBudgetMemory":40352,"scriptSizeBytes":485}
intersectionWithData.const {"exBudgetCPU":6183762,"exBudgetMemory":22474,"scriptSizeBytes":310}
intersectionWithData.emptyLeft {"exBudgetCPU":1459484,"exBudgetMemory":7860,"scriptSizeBytes":298}
intersectionWithData.emptyRight {"exBudgetCPU":2461291,"exBudgetMemory":12356,"scriptSizeBytes":297}
intersectionWithData.keyMismatch {"exBudgetCPU":6201276,"exBudgetMemory":23912,"scriptSizeBytes":316}