term (program
   1.0.0
   (Constr 0
      [ Constr 0
          [ List
              [ Constr 0
                  [ Constr 0 [Constr 0 [B #a0], I 0]
                  , Constr 0
                      [ Constr 0 [Constr 1 [B #a1], Constr 1 []]
                      , Map []
                      , Constr 1 [B #d0]
                      , Constr 1 [] ] ] ]
          , List []
          , List []
          , Map []
          , Map [(B #c0, Map [(B #736f6d65746f6b656e, I 1)])]
          , List []
          , Map []
          , Constr 0
              [ Constr 0 [Constr 0 [], Constr 1 []]
              , Constr 0 [Constr 2 [], Constr 1 []] ]
          , List [B #ab01fe235c, B #123014, B #abcdef]
          , Map []
          , Map []
          , Constr 0 [B #b0] ]
      , Constr 1 [Constr 0 [Constr 0 [B #a0], I 0]] ]))
get.txInfo (program
   1.0.0
   (Constr 0
      [ List
          [ Constr 0
              [ Constr 0 [Constr 0 [B #a0], I 0]
              , Constr 0
                  [ Constr 0 [Constr 1 [B #a1], Constr 1 []]
                  , Map []
                  , Constr 1 [B #d0]
                  , Constr 1 [] ] ] ]
      , List []
      , List []
      , Map []
      , Map [(B #c0, Map [(B #736f6d65746f6b656e, I 1)])]
      , List []
      , Map []
      , Constr 0
          [ Constr 0 [Constr 0 [], Constr 1 []]
          , Constr 0 [Constr 2 [], Constr 1 []] ]
      , List [B #ab01fe235c, B #123014, B #abcdef]
      , Map []
      , Map []
      , Constr 0 [B #b0] ]))
get.mint (program 1.0.0 (Map [(B #c0, Map [(B #736f6d65746f6b656e, I 1)])]))
get.credentials (program 1.0.0 [B #a1])
get.sym (program 1.0.0 #c0)
ScriptPurpose.literal (program
   1.0.0
   (Constr 0
      [B #1111111111111111111111111111111111111111111111111111111111111111]))
ScriptPurpose.decode (program
   1.0.0
   [B #1111111111111111111111111111111111111111111111111111111111111111])