pnot.lam {"exBudgetCPU":29873,"exBudgetMemory":200,"scriptSizeBytes":13}
pnot.app {"exBudgetCPU":327604,"exBudgetMemory":1201,"scriptSizeBytes":15}
pand.tf {"exBudgetCPU":476469,"exBudgetMemory":1701,"scriptSizeBytes":19}
pand.ft {"exBudgetCPU":476469,"exBudgetMemory":1701,"scriptSizeBytes":19}
pand.tt {"exBudgetCPU":476469,"exBudgetMemory":1701,"scriptSizeBytes":19}
pand.ff {"exBudgetCPU":476469,"exBudgetMemory":1701,"scriptSizeBytes":19}
pand.laziness.pand {"exBudgetCPU":416923,"exBudgetMemory":1501,"scriptSizeBytes":17}
pand.laziness.op {"exBudgetCPU":476469,"exBudgetMemory":1701,"scriptSizeBytes":18}
pand.laziness.pand.perror.false {"exBudgetCPU":100,"exBudgetMemory":100,"scriptSizeBytes":5}
pand.laziness.pand.perror.true {"exBudgetCPU":100,"exBudgetMemory":100,"scriptSizeBytes":5}
pand.laziness.pand.perror.op {"exBudgetCPU":101,"exBudgetMemory":101,"scriptSizeBytes":18}
por.tf {"exBudgetCPU":387150,"exBudgetMemory":1401,"scriptSizeBytes":16}
por.ft {"exBudgetCPU":387150,"exBudgetMemory":1401,"scriptSizeBytes":16}
por.tt {"exBudgetCPU":387150,"exBudgetMemory":1401,"scriptSizeBytes":16}
por.ff {"exBudgetCPU":387150,"exBudgetMemory":1401,"scriptSizeBytes":16}
por.laziness.por {"exBudgetCPU":327604,"exBudgetMemory":1201,"scriptSizeBytes":15}
por.laziness.op {"exBudgetCPU":387150,"exBudgetMemory":1401,"scriptSizeBytes":15}
por.laziness.pand.perror.false {"exBudgetCPU":100,"exBudgetMemory":100,"scriptSizeBytes":5}
por.laziness.pand.perror.true {"exBudgetCPU":100,"exBudgetMemory":100,"scriptSizeBytes":5}
por.laziness.pand.perror.op.true {"exBudgetCPU":387150,"exBudgetMemory":1401,"scriptSizeBytes":15}
por.laziness.pand.perror.op.false {"exBudgetCPU":101,"exBudgetMemory":101,"scriptSizeBytes":15}