psort.psort_[5..1] (program 1.0.0 True)
psort.psort_[1..5] (program 1.0.0 True)
psort.psort_[3,2,5,4,1] (program 1.0.0 True)
psort.psort_[] (program 1.0.0 True)
psortBy.psortBy_preverseComparator_[1..5] (program 1.0.0 True)
pnubSort.pnubSort_[3,2,5,4,1,2,4,2,5,3] (program 1.0.0 True)
pnubSort.pnubSort_[] (program 1.0.0 True)
pnubSortBy.pnubSortBy_preverseComparator_[3,2,5,4,1,2,4,2,5,3] (program 1.0.0 True)
pallUnique.pallUnique_[1,2,3,4] (program 1.0.0 True)
pallUnique.pallUnique_[1,1,2,3] (program 1.0.0 True)
pallUnique.pallUnique_[1,3,2,3] (program 1.0.0 True)
pallUnique.pallUnique_[] (program 1.0.0 True)
ptryMerge.ptryMerge_[1,3,5,7]_[2,4,6,8] (program 1.0.0 True)
ptryMerge.ptryMerge_[1,3,5,7]_[8,6,4,2] (program 1.0.0 error)
ptryMerge.ptryMerge_[7,5,3,1]_[2,4,6,8] (program 1.0.0 error)
ptryMerge.ptryMerge_[1..8]_[] (program 1.0.0 True)
ptryMerge.ptryMerge_[]_[] (program 1.0.0 True)