0/1 #< 758566050/758566050 should be true {"exBudgetCPU":2339358,"exBudgetMemory":8053,"scriptSizeBytes":85}
758566050/758566050 #<= 1/1 should be true {"exBudgetCPU":2289905,"exBudgetMemory":7753,"scriptSizeBytes":74}
1/1 #== 2/2 should be true {"exBudgetCPU":2225018,"exBudgetMemory":3693,"scriptSizeBytes":40}