pfindOwnInput {"exBudgetCPU":6900718,"exBudgetMemory":17404,"scriptSizeBytes":335}
pgetContinuingOutputs {"exBudgetCPU":14130969,"exBudgetMemory":36502,"scriptSizeBytes":470}