lam.tripSum program
  1.0.0
  (\ ->
     (\ ->
        (\ ->
           addInteger
             (addInteger
                (unIData (force headList ))
                (unIData (force headList )))
             (unIData (force headList (force tailList ))))
          (force tailList ))
       (force (force sndPair) (unConstrData )))
lam.getY program
  1.0.0
  (\ -> force headList (force tailList (force (force sndPair) (unConstrData ))))
lam.tripYZ program
  1.0.0
  (\ ->
     (\ ->
        addInteger
          (unIData (force headList ))
          (unIData (force headList (force tailList ))))
       (force tailList (force (force sndPair) (unConstrData ))))
tripSum.A program 1.0.0 1000
tripSum.B program 1.0.0 100
tripSum.C program 1.0.0 10
tripYZ=tripZY program
  1.0.0
  (\ ->
     (\ ->
        addInteger
          (unIData (force headList ))
          (unIData (force headList (force tailList ))))
       (force tailList (force (force sndPair) (unConstrData ))))