lam {"exBudgetCPU":268057,"exBudgetMemory":1000,"scriptSizeBytes":39}
app {"exBudgetCPU":2858456,"exBudgetMemory":4322,"scriptSizeBytes":82}