add1 program 1.0.0 (\  -> addInteger (addInteger  ) 1)
add1Hoisted program 1.0.0 (\  -> addInteger (addInteger  ) 1)
example1 program 1.0.0 55
example2 program 1.0.0 (\ ->  (\ -> addInteger  1) (\ -> subtractInteger  1))
fib.lam program
  1.0.0
  (\ ->
     force
       (force ifThenElse
          (equalsInteger  0)
          (delay 0)
          (delay
             (force
                (force ifThenElse
                   (equalsInteger  1)
                   (delay 1)
                   (delay
                      (addInteger
                         ((\ ->
                             (\ ->
                                (\  ->
                                   force
                                     (force ifThenElse
                                        (equalsInteger  0)
                                        (delay 0)
                                        (delay
                                           (force
                                              (force ifThenElse
                                                 (equalsInteger  1)
                                                 (delay 1)
                                                 (delay
                                                    (addInteger
                                                       ( (subtractInteger  1))
                                                       (
                                                          (subtractInteger

                                                             2)))))))))
                                  (\ ->   ))
                               (\ ->
                                  (\  ->
                                     force
                                       (force ifThenElse
                                          (equalsInteger  0)
                                          (delay 0)
                                          (delay
                                             (force
                                                (force ifThenElse
                                                   (equalsInteger  1)
                                                   (delay 1)
                                                   (delay
                                                      (addInteger
                                                         ( (subtractInteger  1))
                                                         (
                                                            (subtractInteger

                                                               2)))))))))
                                    (\ ->   ))
                               )
                            (subtractInteger  1))
                         ((\ ->
                             (\ ->
                                (\  ->
                                   force
                                     (force ifThenElse
                                        (equalsInteger  0)
                                        (delay 0)
                                        (delay
                                           (force
                                              (force ifThenElse
                                                 (equalsInteger  1)
                                                 (delay 1)
                                                 (delay
                                                    (addInteger
                                                       ( (subtractInteger  1))
                                                       (
                                                          (subtractInteger

                                                             2)))))))))
                                  (\ ->   ))
                               (\ ->
                                  (\  ->
                                     force
                                       (force ifThenElse
                                          (equalsInteger  0)
                                          (delay 0)
                                          (delay
                                             (force
                                                (force ifThenElse
                                                   (equalsInteger  1)
                                                   (delay 1)
                                                   (delay
                                                      (addInteger
                                                         ( (subtractInteger  1))
                                                         (
                                                            (subtractInteger

                                                               2)))))))))
                                    (\ ->   ))
                               )
                            (subtractInteger  2)))))))))
fib.app.9 program 1.0.0 34
uglyDouble program 1.0.0 (\ -> addInteger  )