pmatch {"exBudgetCPU":1500100,"exBudgetMemory":420,"scriptSizeBytes":63}
phead {"exBudgetCPU":16161254,"exBudgetMemory":39293,"scriptSizeBytes":79}
ptail {"exBudgetCPU":43972595,"exBudgetMemory":115806,"scriptSizeBytes":142}
pnull.empty {"exBudgetCPU":1162382,"exBudgetMemory":3532,"scriptSizeBytes":64}
pnull.nonempty {"exBudgetCPU":16202025,"exBudgetMemory":39893,"scriptSizeBytes":84}
pconcat.identity {"exBudgetCPU":103352323,"exBudgetMemory":279509,"scriptSizeBytes":188}
pmap.eg {"exBudgetCPU":60228134,"exBudgetMemory":161924,"scriptSizeBytes":163}
pmap.identity {"exBudgetCPU":1726934,"exBudgetMemory":5900,"scriptSizeBytes":97}
pfilter.evens {"exBudgetCPU":51394506,"exBudgetMemory":129344,"scriptSizeBytes":175}
pfilter.gt5 {"exBudgetCPU":46370526,"exBudgetMemory":125334,"scriptSizeBytes":170}
pzipWith.double {"exBudgetCPU":77799616,"exBudgetMemory":206316,"scriptSizeBytes":174}
pfoldl.nonempty {"exBudgetCPU":27690477,"exBudgetMemory":71413,"scriptSizeBytes":96}
pfoldl.nonempty-primed {"exBudgetCPU":27690477,"exBudgetMemory":71413,"scriptSizeBytes":96}
pfoldl.empty {"exBudgetCPU":1865937,"exBudgetMemory":5433,"scriptSizeBytes":85}
pfoldl.empty-primed {"exBudgetCPU":1865937,"exBudgetMemory":5433,"scriptSizeBytes":85}
elemAt.elemAt_3_[1..10] {"exBudgetCPU":22527179,"exBudgetMemory":56708,"scriptSizeBytes":127}
elemAt.elemAt_0_[1..10] {"exBudgetCPU":17681228,"exBudgetMemory":43796,"scriptSizeBytes":127}
elemAt.elemAt_9_[1..10] {"exBudgetCPU":32219081,"exBudgetMemory":82532,"scriptSizeBytes":127}
find.find_(==3)_[1..4] {"exBudgetCPU":11027650,"exBudgetMemory":29622,"scriptSizeBytes":100}
find.find_(==5)_[1..4] {"exBudgetCPU":13130537,"exBudgetMemory":36224,"scriptSizeBytes":100}
x1+x2.builtin {"exBudgetCPU":1212996,"exBudgetMemory":2098,"scriptSizeBytes":29}
x1+x2.pmatch {"exBudgetCPU":2227548,"exBudgetMemory":4562,"scriptSizeBytes":48}
uncons.ChooseList {"exBudgetCPU":806241,"exBudgetMemory":1864,"scriptSizeBytes":26}
uncons.head-and-tail {"exBudgetCPU":687149,"exBudgetMemory":1464,"scriptSizeBytes":23}
uncons.head-and-tail-and-null {"exBudgetCPU":1283745,"exBudgetMemory":2997,"scriptSizeBytes":35}