normal {"exBudgetCPU":9303164,"exBudgetMemory":39792,"scriptSizeBytes":77}
do {"exBudgetCPU":9415164,"exBudgetMemory":40492,"scriptSizeBytes":141}
cont {"exBudgetCPU":9303164,"exBudgetMemory":39792,"scriptSizeBytes":77}
termcont {"exBudgetCPU":9415164,"exBudgetMemory":40492,"scriptSizeBytes":131}