do.succeeds (program
   1.0.0
   ((\i0 ->
       (\i0 ->
          (\i0 ->
             (\i0 ->
                (\i0 ->
                   (\i0 i0 ->
                      (\i0 ->
                         (\i0 ->
                            (\i0 ->
                               (\i0 ->
                                  force
                                    (i7
                                       (equalsInteger 1 i2)
                                       (delay
                                          (force
                                             (i7
                                                ((\i0 ->
                                                    (\i0 ->
                                                       (\i0 ->
                                                          i2 (\i0 -> i2 i2 i1))
                                                         (\i0 ->
                                                            i2
                                                              (\i0 ->
                                                                 i2 i2 i1)))
                                                      (\i0 i0 ->
                                                         force
                                                           (force
                                                              (force chooseList)
                                                              i1
                                                              (delay False)
                                                              (delay
                                                                 (force
                                                                    (i10
                                                                       (equalsData
                                                                          (i11
                                                                             i1)
                                                                          i3)
                                                                       (delay
                                                                          True)
                                                                       (delay
                                                                          (i2
                                                                             (i12
                                                                                i1)))))))))
                                                   (bData i6)
                                                   (unListData
                                                      ((\i0 ->
                                                          i9
                                                            ((\i0 ->
                                                                i11
                                                                  (i11
                                                                     (i11
                                                                        (i11
                                                                           (i11
                                                                              (i11
                                                                                 (i11
                                                                                    (i11
                                                                                       i1))))))))
                                                               (i11 i1)))
                                                         (i8 i4))))
                                                (delay ())
                                                (delay error))))
                                       (delay
                                          (force
                                             (force trace
                                                "Pattern matching failure in QualifiedDo syntax"
                                                (delay error))))))
                                 (i10 i2))
                              (force (force fstPair) i1))
                           (unConstrData (i5 (i6 i1))))
                        (i6 i1))
                     #ab01fe235c
                     (Constr 0
                        [ Constr 0
                            [ List
                                [ Constr 0
                                    [ Constr 0 [Constr 0 [B #a0], I 0]
                                    , Constr 0
                                        [ Constr 0
                                            [Constr 1 [B #a1], Constr 1 []]
                                        , Map []
                                        , Constr 1 [B #d0]
                                        , Constr 1 [] ] ] ]
                            , List []
                            , List []
                            , Map []
                            , Map [(B #c0, Map [(B #736f6d65746f6b656e, I 1)])]
                            , List []
                            , Map []
                            , Constr 0
                                [ Constr 0 [Constr 0 [], Constr 1 []]
                                , Constr 0 [Constr 2 [], Constr 1 []] ]
                            , List [B #ab01fe235c, B #123014, B #abcdef]
                            , Map []
                            , Map []
                            , Constr 0 [B #b0] ]
                        , Constr 1 [Constr 0 [Constr 0 [B #a0], I 0]] ]))
                  (force ifThenElse))
               (force headList))
            (force tailList))
         (\i0 -> i2 (unConstrData i1)))
      (force (force sndPair))))
do.fails (program
   1.0.0
   ((\i0 ->
       (\i0 ->
          (\i0 ->
             (\i0 ->
                (\i0 ->
                   (\i0 i0 ->
                      (\i0 ->
                         (\i0 ->
                            (\i0 ->
                               (\i0 ->
                                  force
                                    (i7
                                       (equalsInteger 1 i2)
                                       (delay
                                          (force
                                             (i7
                                                ((\i0 ->
                                                    (\i0 ->
                                                       (\i0 ->
                                                          i2 (\i0 -> i2 i2 i1))
                                                         (\i0 ->
                                                            i2
                                                              (\i0 ->
                                                                 i2 i2 i1)))
                                                      (\i0 i0 ->
                                                         force
                                                           (force
                                                              (force chooseList)
                                                              i1
                                                              (delay False)
                                                              (delay
                                                                 (force
                                                                    (i10
                                                                       (equalsData
                                                                          (i11
                                                                             i1)
                                                                          i3)
                                                                       (delay
                                                                          True)
                                                                       (delay
                                                                          (i2
                                                                             (i12
                                                                                i1)))))))))
                                                   (bData i6)
                                                   (unListData
                                                      ((\i0 ->
                                                          i9
                                                            ((\i0 ->
                                                                i11
                                                                  (i11
                                                                     (i11
                                                                        (i11
                                                                           (i11
                                                                              (i11
                                                                                 (i11
                                                                                    (i11
                                                                                       i1))))))))
                                                               (i11 i1)))
                                                         (i8 i4))))
                                                (delay ())
                                                (delay error))))
                                       (delay
                                          (force
                                             (force trace
                                                "Pattern matching failure in QualifiedDo syntax"
                                                (delay error))))))
                                 (i10 i2))
                              (force (force fstPair) i1))
                           (unConstrData (i5 (i6 i1))))
                        (i6 i1))
                     #41
                     (Constr 0
                        [ Constr 0
                            [ List
                                [ Constr 0
                                    [ Constr 0 [Constr 0 [B #a0], I 0]
                                    , Constr 0
                                        [ Constr 0
                                            [Constr 1 [B #a1], Constr 1 []]
                                        , Map []
                                        , Constr 1 [B #d0]
                                        , Constr 1 [] ] ] ]
                            , List []
                            , List []
                            , Map []
                            , Map [(B #c0, Map [(B #736f6d65746f6b656e, I 1)])]
                            , List []
                            , Map []
                            , Constr 0
                                [ Constr 0 [Constr 0 [], Constr 1 []]
                                , Constr 0 [Constr 2 [], Constr 1 []] ]
                            , List [B #ab01fe235c, B #123014, B #abcdef]
                            , Map []
                            , Map []
                            , Constr 0 [B #b0] ]
                        , Constr 1 [Constr 0 [Constr 0 [B #a0], I 0]] ]))
                  (force ifThenElse))
               (force headList))
            (force tailList))
         (\i0 -> i2 (unConstrData i1)))
      (force (force sndPair))))