do.succeeds {"exBudgetCPU":8163467,"exBudgetMemory":16009,"scriptSizeBytes":390}
do.fails {"exBudgetCPU":11192573,"exBudgetMemory":21069,"scriptSizeBytes":386}