simple (program 1.0.0 (mkPairData (I 1) (bData #41)))
scriptcredential (program 1.0.0 (mkPairData (Constr 0 [B #41]) (Constr 1 [B #82])))