matching.typed.newtype.normal {"exBudgetCPU":326680,"exBudgetMemory":1164,"scriptSizeBytes":30}
matching.typed.newtype.datasum {"exBudgetCPU":326680,"exBudgetMemory":1164,"scriptSizeBytes":30}
matching.typed.sumtype(ignore-fields).normal {"exBudgetCPU":1012957,"exBudgetMemory":3798,"scriptSizeBytes":44}
matching.typed.sumtype(ignore-fields).datasum {"exBudgetCPU":1012957,"exBudgetMemory":3798,"scriptSizeBytes":44}
matching.typed.sumtype(partial-match).normal {"exBudgetCPU":1012957,"exBudgetMemory":3798,"scriptSizeBytes":44}
matching.typed.sumtype(partial-match).datasum {"exBudgetCPU":1012957,"exBudgetMemory":3798,"scriptSizeBytes":44}
matching.typed.sumtype(exhaustive).normal.minting {"exBudgetCPU":1701721,"exBudgetMemory":6502,"scriptSizeBytes":83}
matching.typed.sumtype(exhaustive).normal.spending {"exBudgetCPU":1060957,"exBudgetMemory":4098,"scriptSizeBytes":93}
matching.typed.sumtype(exhaustive).normal.rewarding {"exBudgetCPU":1381339,"exBudgetMemory":5300,"scriptSizeBytes":90}
matching.typed.sumtype(exhaustive).normal.certifying {"exBudgetCPU":1701721,"exBudgetMemory":6502,"scriptSizeBytes":85}
matching.typed.sumtype(exhaustive).datasum.minting {"exBudgetCPU":1701721,"exBudgetMemory":6502,"scriptSizeBytes":83}
matching.typed.sumtype(exhaustive).datasum.spending {"exBudgetCPU":1060957,"exBudgetMemory":4098,"scriptSizeBytes":93}
matching.typed.sumtype(exhaustive).datasum.rewarding {"exBudgetCPU":1381339,"exBudgetMemory":5300,"scriptSizeBytes":90}
matching.typed.sumtype(exhaustive).datasum.certifying {"exBudgetCPU":1701721,"exBudgetMemory":6502,"scriptSizeBytes":85}
matching.typed.sumtype(exhaustive)(ignore-fields).normal.minting {"exBudgetCPU":1701721,"exBudgetMemory":6502,"scriptSizeBytes":83}
matching.typed.sumtype(exhaustive)(ignore-fields).normal.spending {"exBudgetCPU":1060957,"exBudgetMemory":4098,"scriptSizeBytes":93}
matching.typed.sumtype(exhaustive)(ignore-fields).normal.rewarding {"exBudgetCPU":1381339,"exBudgetMemory":5300,"scriptSizeBytes":90}
matching.typed.sumtype(exhaustive)(ignore-fields).normal.certifying {"exBudgetCPU":1701721,"exBudgetMemory":6502,"scriptSizeBytes":85}
matching.typed.sumtype(exhaustive)(ignore-fields).datasum.minting {"exBudgetCPU":1701721,"exBudgetMemory":6502,"scriptSizeBytes":83}
matching.typed.sumtype(exhaustive)(ignore-fields).datasum.spending {"exBudgetCPU":1060957,"exBudgetMemory":4098,"scriptSizeBytes":93}
matching.typed.sumtype(exhaustive)(ignore-fields).datasum.rewarding {"exBudgetCPU":1381339,"exBudgetMemory":5300,"scriptSizeBytes":90}
matching.typed.sumtype(exhaustive)(ignore-fields).datasum.certifying {"exBudgetCPU":1701721,"exBudgetMemory":6502,"scriptSizeBytes":85}
matching.raw.newtype {"exBudgetCPU":326680,"exBudgetMemory":1164,"scriptSizeBytes":30}
matching.raw.sumtype(ignore-fields) {"exBudgetCPU":662965,"exBudgetMemory":2466,"scriptSizeBytes":33}
matching.raw.sumtype(partial-match) {"exBudgetCPU":916957,"exBudgetMemory":3198,"scriptSizeBytes":39}
matching.raw.sumtype(exhaustive).minting {"exBudgetCPU":1701721,"exBudgetMemory":6502,"scriptSizeBytes":83}
matching.raw.sumtype(exhaustive).spending {"exBudgetCPU":1060957,"exBudgetMemory":4098,"scriptSizeBytes":93}
matching.raw.sumtype(exhaustive).rewarding {"exBudgetCPU":1381339,"exBudgetMemory":5300,"scriptSizeBytes":90}
matching.raw.sumtype(exhaustive).certifying {"exBudgetCPU":1701721,"exBudgetMemory":6502,"scriptSizeBytes":85}
matching.raw.sumtype(exhaustive)(ignore-fields).minting {"exBudgetCPU":1399729,"exBudgetMemory":5470,"scriptSizeBytes":75}
matching.raw.sumtype(exhaustive)(ignore-fields).spending {"exBudgetCPU":758965,"exBudgetMemory":3066,"scriptSizeBytes":85}
matching.raw.sumtype(exhaustive)(ignore-fields).rewarding {"exBudgetCPU":1079347,"exBudgetMemory":4268,"scriptSizeBytes":82}
matching.raw.sumtype(exhaustive)(ignore-fields).certifying {"exBudgetCPU":1399729,"exBudgetMemory":5470,"scriptSizeBytes":77}
fields.typed.extract-single {"exBudgetCPU":457830,"exBudgetMemory":1496,"scriptSizeBytes":32}
fields.raw.extract-single {"exBudgetCPU":457830,"exBudgetMemory":1496,"scriptSizeBytes":32}
combined.typed.toValidatorHash {"exBudgetCPU":1685979,"exBudgetMemory":5958,"scriptSizeBytes":75}
combined.raw.toValidatorHash {"exBudgetCPU":1589979,"exBudgetMemory":5358,"scriptSizeBytes":70}