iterateN.lam {"exBudgetCPU":297830,"exBudgetMemory":1100,"scriptSizeBytes":53}
iterateN.app.succ {"exBudgetCPU":18918235,"exBudgetMemory":45362,"scriptSizeBytes":65}
iterateN.app.double {"exBudgetCPU":17785665,"exBudgetMemory":45362,"scriptSizeBytes":65}