iterateN.lam program
  1.0.0
  ((\ -> (\ ->  (\ ->   )) (\ ->  (\ ->   )))
     (\    ->
        force
          (force ifThenElse
             (equalsInteger  0)
             (delay )
             (delay ( (subtractInteger  1)  ( ))))))
iterateN.app.succ program
  1.0.0
  ((\ -> (\ ->  (\ ->   )) (\ ->  (\ ->   )))
     (\    ->
        force
          (force ifThenElse
             (equalsInteger  0)
             (delay )
             (delay ( (subtractInteger  1)  ( )))))
     10
     (\ -> addInteger  1)
     0)
iterateN.app.double program
  1.0.0
  ((\ -> (\ ->  (\ ->   )) (\ ->  (\ ->   )))
     (\    ->
        force
          (force ifThenElse
             (equalsInteger  0)
             (delay )
             (delay ( (subtractInteger  1)  ( )))))
     10
     (\ -> multiplyInteger  2)
     1)