2:[1] {"exBudgetCPU":328738,"exBudgetMemory":732,"scriptSizeBytes":13}
fails:True:[1] {"exBudgetCPU":150100,"exBudgetMemory":132,"scriptSizeBytes":13}
(2,1) {"exBudgetCPU":29873,"exBudgetMemory":200,"scriptSizeBytes":10}
fails:MkPair-1-2 {"exBudgetCPU":100,"exBudgetMemory":100,"scriptSizeBytes":11}